Archive member included to satisfy reference by file (symbol)

/Users/akshay/esp/LineFollow/build/cxx/libcxx.a(cxx_exception_stubs.o)
                              (__cxx_fatal_exception)
/Users/akshay/esp/LineFollow/build/cxx/libcxx.a(cxx_guards.o)
                              (__cxa_guard_dummy)
/Users/akshay/esp/LineFollow/build/esp32/libesp32.a(cpu_start.o)
                              (call_start_cpu0)
/Users/akshay/esp/LineFollow/build/esp32/libesp32.a(crosscore_int.o)
                              /Users/akshay/esp/LineFollow/build/esp32/libesp32.a(cpu_start.o) (esp_crosscore_int_init)
/Users/akshay/esp/LineFollow/build/esp32/libesp32.a(dbg_stubs.o)
                              /Users/akshay/esp/LineFollow/build/esp32/libesp32.a(cpu_start.o) (esp_dbg_stubs_init)
/Users/akshay/esp/LineFollow/build/esp32/libesp32.a(dport_access.o)
                              /Users/akshay/esp/LineFollow/build/esp32/libesp32.a(cpu_start.o) (esp_dport_access_stall_other_cpu_start)
/Users/akshay/esp/LineFollow/build/esp32/libesp32.a(esp_timer.o)
                              /Users/akshay/esp/LineFollow/build/esp32/libesp32.a(cpu_start.o) (esp_timer_init)
/Users/akshay/esp/LineFollow/build/esp32/libesp32.a(esp_timer_esp32.o)
                              /Users/akshay/esp/LineFollow/build/esp32/libesp32.a(esp_timer.o) (esp_timer_impl_get_time)
/Users/akshay/esp/LineFollow/build/esp32/libesp32.a(int_wdt.o)
                              /Users/akshay/esp/LineFollow/build/esp32/libesp32.a(cpu_start.o) (esp_int_wdt_init)
/Users/akshay/esp/LineFollow/build/esp32/libesp32.a(intr_alloc.o)
                              /Users/akshay/esp/LineFollow/build/esp32/libesp32.a(esp_timer_esp32.o) (esp_intr_enable)
/Users/akshay/esp/LineFollow/build/esp32/libesp32.a(ipc.o)
                              /Users/akshay/esp/LineFollow/build/esp32/libesp32.a(cpu_start.o) (esp_ipc_init)
/Users/akshay/esp/LineFollow/build/esp32/libesp32.a(panic.o)
                              /Users/akshay/esp/LineFollow/build/cxx/libcxx.a(cxx_exception_stubs.o) (abort)
/Users/akshay/esp/LineFollow/build/esp32/libesp32.a(system_api.o)
                              /Users/akshay/esp/LineFollow/build/esp32/libesp32.a(panic.o) (esp_restart_noos)
/Users/akshay/esp/LineFollow/build/esp32/libesp32.a(task_wdt.o)
                              /Users/akshay/esp/LineFollow/build/esp32/libesp32.a(cpu_start.o) (esp_task_wdt_init)
/Users/akshay/esp/LineFollow/build/esp32/libesp32.a(dport_panic_highint_hdl.o)
                              (ld_include_panic_highint_hdl)
/Users/akshay/esp/LineFollow/build/esp32/libesp32.a(brownout.o)
                              /Users/akshay/esp/LineFollow/build/esp32/libesp32.a(cpu_start.o) (esp_brownout_init)
/Users/akshay/esp/LineFollow/build/esp32/libesp32.a(cache_err_int.o)
                              /Users/akshay/esp/LineFollow/build/esp32/libesp32.a(cpu_start.o) (esp_cache_err_int_init)
/Users/akshay/esp/LineFollow/build/esp32/libesp32.a(clk.o)
                              /Users/akshay/esp/LineFollow/build/esp32/libesp32.a(cpu_start.o) (esp_clk_init)
/Users/akshay/esp/LineFollow/build/esp32/libesp32.a(esp_err_to_name.o)
                              /Users/akshay/esp/LineFollow/build/esp32/libesp32.a(panic.o) (esp_err_to_name)
/Users/akshay/esp/LineFollow/build/esp32/libesp32.a(freertos_hooks.o)
                              /Users/akshay/esp/LineFollow/build/esp32/libesp32.a(task_wdt.o) (esp_register_freertos_idle_hook_for_cpu)
/Users/akshay/esp/esp-idf/components/esp32/libhal.a(int_asm--set_intclear.o)
                              /Users/akshay/esp/LineFollow/build/esp32/libesp32.a(intr_alloc.o) (xthal_set_intclear)
/Users/akshay/esp/LineFollow/build/freertos/libfreertos.a(FreeRTOS-openocd.o)
                              (uxTopUsedPriority)
/Users/akshay/esp/LineFollow/build/freertos/libfreertos.a(port.o)
                              /Users/akshay/esp/LineFollow/build/esp32/libesp32.a(cpu_start.o) (port_xSchedulerRunning)
/Users/akshay/esp/LineFollow/build/freertos/libfreertos.a(queue.o)
                              /Users/akshay/esp/LineFollow/build/esp32/libesp32.a(ipc.o) (xQueueGenericCreate)
/Users/akshay/esp/LineFollow/build/freertos/libfreertos.a(tasks.o)
                              /Users/akshay/esp/LineFollow/build/esp32/libesp32.a(system_api.o) (vTaskSuspendAll)
/Users/akshay/esp/LineFollow/build/freertos/libfreertos.a(timers.o)
                              /Users/akshay/esp/LineFollow/build/freertos/libfreertos.a(tasks.o) (xTimerCreateTimerTask)
/Users/akshay/esp/LineFollow/build/freertos/libfreertos.a(xtensa_init.o)
                              /Users/akshay/esp/LineFollow/build/freertos/libfreertos.a(port.o) (_xt_tick_divisor_init)
/Users/akshay/esp/LineFollow/build/freertos/libfreertos.a(xtensa_intr.o)
                              /Users/akshay/esp/LineFollow/build/esp32/libesp32.a(intr_alloc.o) (xt_unhandled_interrupt)
/Users/akshay/esp/LineFollow/build/freertos/libfreertos.a(portasm.o)
[...]
Memory Configuration

Name             Origin             Length             Attributes
iram0_0_seg      0x0000000040080000 0x0000000000020000 xr
iram0_2_seg      0x00000000400d0018 0x000000000032ffe8 xr
dram0_0_seg      0x000000003ffb0000 0x000000000002c200 rw
drom0_0_seg      0x000000003f400018 0x00000000003fffe8 r
rtc_iram_seg     0x00000000400c0000 0x0000000000002000 xrw
rtc_slow_seg     0x0000000050000000 0x0000000000001000 rw
*default*        0x0000000000000000 0xffffffffffffffff

Linker script and memory map

START GROUP
LOAD /Users/akshay/esp/LineFollow/build/app_trace/libapp_trace.a
LOAD /Users/akshay/esp/LineFollow/build/app_update/libapp_update.a
LOAD /Users/akshay/esp/LineFollow/build/bootloader_support/libbootloader_support.a
LOAD /Users/akshay/esp/LineFollow/build/bt/libbt.a
LOAD /Users/akshay/esp/LineFollow/build/coap/libcoap.a
LOAD /Users/akshay/esp/LineFollow/build/console/libconsole.a
LOAD /Users/akshay/esp/LineFollow/build/cxx/libcxx.a
LOAD /Users/akshay/esp/LineFollow/build/driver/libdriver.a
LOAD /Users/akshay/esp/LineFollow/build/esp-tls/libesp-tls.a
LOAD /Users/akshay/esp/LineFollow/build/esp32/libesp32.a
LOAD /Users/akshay/esp/esp-idf/components/esp32/libhal.a
LOAD /Users/akshay/esp/esp-idf/components/esp32/lib/libcore.a
LOAD /Users/akshay/esp/esp-idf/components/esp32/lib/librtc.a
LOAD /Users/akshay/esp/esp-idf/components/esp32/lib/libnet80211.a
LOAD /Users/akshay/esp/esp-idf/components/esp32/lib/libpp.a
LOAD /Users/akshay/esp/esp-idf/components/esp32/lib/libwpa.a
LOAD /Users/akshay/esp/esp-idf/components/esp32/lib/libsmartconfig.a
LOAD /Users/akshay/esp/esp-idf/components/esp32/lib/libcoexist.a
LOAD /Users/akshay/esp/esp-idf/components/esp32/lib/libwps.a
LOAD /Users/akshay/esp/esp-idf/components/esp32/lib/libwpa2.a
LOAD /Users/akshay/esp/esp-idf/components/esp32/lib/libespnow.a
LOAD /Users/akshay/esp/esp-idf/components/esp32/lib/libphy.a
LOAD /Users/akshay/esp/esp-idf/components/esp32/lib/libmesh.a
LOAD /Users/akshay/esp/LineFollow/build/esp_adc_cal/libesp_adc_cal.a
LOAD /Users/akshay/esp/LineFollow/build/esp_http_client/libesp_http_client.a
LOAD /Users/akshay/esp/LineFollow/build/ethernet/libethernet.a
LOAD /Users/akshay/esp/LineFollow/build/expat/libexpat.a
LOAD /Users/akshay/esp/LineFollow/build/fatfs/libfatfs.a
LOAD /Users/akshay/esp/LineFollow/build/freertos/libfreertos.a
LOAD /Users/akshay/esp/LineFollow/build/heap/libheap.a
LOAD /Users/akshay/esp/LineFollow/build/idf_test/libidf_test.a
LOAD /Users/akshay/esp/LineFollow/build/jsmn/libjsmn.a
LOAD /Users/akshay/esp/LineFollow/build/json/libjson.a
LOAD /Users/akshay/esp/LineFollow/build/libsodium/liblibsodium.a
LOAD /Users/akshay/esp/LineFollow/build/log/liblog.a
LOAD /Users/akshay/esp/LineFollow/build/lwip/liblwip.a
LOAD /Users/akshay/esp/LineFollow/build/main/libmain.a
LOAD /Users/akshay/esp/LineFollow/build/mbedtls/libmbedtls.a
LOAD /Users/akshay/esp/LineFollow/build/mdns/libmdns.a
LOAD /Users/akshay/esp/LineFollow/build/micro-ecc/libmicro-ecc.a
LOAD /Users/akshay/esp/esp-idf/components/newlib/lib/libc.a
LOAD /Users/akshay/esp/esp-idf/components/newlib/lib/libm.a
LOAD /Users/akshay/esp/LineFollow/build/newlib/libnewlib.a
LOAD /Users/akshay/esp/LineFollow/build/nghttp/libnghttp.a
LOAD /Users/akshay/esp/LineFollow/build/nvs_flash/libnvs_flash.a
LOAD /Users/akshay/esp/LineFollow/build/openssl/libopenssl.a
LOAD /Users/akshay/esp/LineFollow/build/pthread/libpthread.a
LOAD /Users/akshay/esp/LineFollow/build/sdmmc/libsdmmc.a
LOAD /Users/akshay/esp/LineFollow/build/smartconfig_ack/libsmartconfig_ack.a
LOAD /Users/akshay/esp/LineFollow/build/soc/libsoc.a
LOAD /Users/akshay/esp/LineFollow/build/spi_flash/libspi_flash.a
LOAD /Users/akshay/esp/LineFollow/build/spiffs/libspiffs.a
LOAD /Users/akshay/esp/LineFollow/build/tcpip_adapter/libtcpip_adapter.a
LOAD /Users/akshay/esp/LineFollow/build/ulp/libulp.a
LOAD /Users/akshay/esp/LineFollow/build/vfs/libvfs.a
LOAD /Users/akshay/esp/LineFollow/build/wear_levelling/libwear_levelling.a
LOAD /Users/akshay/esp/LineFollow/build/wpa_supplicant/libwpa_supplicant.a
LOAD /Users/akshay/esp/LineFollow/build/xtensa-debug-module/libxtensa-debug-module.a
LOAD /Users/akshay/esp/xtensa-esp32-elf/bin/../lib/gcc/xtensa-esp32-elf/5.2.0/libgcc.a
LOAD /Users/akshay/esp/xtensa-esp32-elf/bin/../lib/gcc/xtensa-esp32-elf/5.2.0/../../../../xtensa-esp32-elf/lib/libstdc++.a
LOAD /Users/akshay/esp/xtensa-esp32-elf/bin/../lib/gcc/xtensa-esp32-elf/5.2.0/libgcov.a
END GROUP
                0x0000000040000000                _heap_end = 0x40000000

.rtc.text       0x00000000400c0000        0x0
                0x00000000400c0000                . = ALIGN (0x4)
 *(.rtc.literal .rtc.text)
 *rtc_wake_stub*.o(.literal .text .literal.* .text.*)

.rtc.data       0x0000000050000000        0x0
                0x0000000050000000                _rtc_data_start = ABSOLUTE (.)
 *(.rtc.data)
 *(.rtc.rodata)
 *rtc_wake_stub*.o(.data .rodata .data.* .rodata.* .bss .bss.*)
                0x0000000050000000                _rtc_data_end = ABSOLUTE (.)

.rtc.bss        0x0000000050000000        0x0
                0x0000000050000000                _rtc_bss_start = ABSOLUTE (.)
 *rtc_wake_stub*.o(.bss .bss.*)
 *rtc_wake_stub*.o(COMMON)
                0x0000000050000000                _rtc_bss_end = ABSOLUTE (.)

.rtc_noinit     0x0000000050000000        0x0
                0x0000000050000000                . = ALIGN (0x4)
                0x0000000050000000                _rtc_noinit_start = ABSOLUTE (.)
 *(.rtc_noinit .rtc_noinit.*)
                0x0000000050000000                . = ALIGN (0x4)
                0x0000000050000000                _rtc_noinit_end = ABSOLUTE (.)

.iram0.vectors  0x0000000040080000      0x400
                0x0000000040080000                _init_start = ABSOLUTE (.)
                0x0000000000000000                . = 0x0
 *(.WindowVectors.text)
 .WindowVectors.text
                0x0000000040080000      0x16a /Users/akshay/esp/LineFollow/build/freertos/libfreertos.a(xtensa_vectors.o)
                0x0000000040080000                _WindowOverflow4
                0x0000000040080040                _WindowUnderflow4
                0x0000000040080050                _xt_alloca_exc
                0x0000000040080080                _WindowOverflow8
                0x00000000400800c0                _WindowUnderflow8
                0x0000000040080100                _WindowOverflow12
                0x0000000040080140                _WindowUnderflow12
                0x0000000000000180                . = 0x180
 *fill*         0x000000004008016a       0x16 
 *(.Level2InterruptVector.text)
 .Level2InterruptVector.text
                0x0000000040080180        0x6 /Users/akshay/esp/LineFollow/build/freertos/libfreertos.a(xtensa_vectors.o)
                0x0000000040080180                _Level2Vector
                0x00000000000001c0                . = 0x1c0
 *fill*         0x0000000040080186       0x3a 
 *(.Level3InterruptVector.text)
 .Level3InterruptVector.text
                0x00000000400801c0        0x6 /Users/akshay/esp/LineFollow/build/freertos/libfreertos.a(xtensa_vectors.o)
                0x00000000400801c0                _Level3Vector
                0x0000000000000200                . = 0x200
 *fill*         0x00000000400801c6       0x3a 
 *(.Level4InterruptVector.text)
 .Level4InterruptVector.text
                0x0000000040080200        0x6 /Users/akshay/esp/LineFollow/build/freertos/libfreertos.a(xtensa_vectors.o)
                0x0000000040080200                _Level4Vector
                0x0000000000000240                . = 0x240
 *fill*         0x0000000040080206       0x3a 
 *(.Level5InterruptVector.text)
 .Level5InterruptVector.text
                0x0000000040080240        0x6 /Users/akshay/esp/LineFollow/build/freertos/libfreertos.a(xtensa_vectors.o)
                0x0000000040080240                _Level5Vector
                0x0000000000000280                . = 0x280
 *fill*         0x0000000040080246       0x3a 
 *(.DebugExceptionVector.text)
 .DebugExceptionVector.text
                0x0000000040080280        0x6 /Users/akshay/esp/LineFollow/build/freertos/libfreertos.a(xtensa_vectors.o)
                0x0000000040080280                _DebugExceptionVector
                0x00000000000002c0                . = 0x2c0
 *fill*         0x0000000040080286       0x3a 
 *(.NMIExceptionVector.text)
 .NMIExceptionVector.text
                0x00000000400802c0        0x6 /Users/akshay/esp/LineFollow/build/freertos/libfreertos.a(xtensa_vectors.o)
                0x00000000400802c0                _NMIExceptionVector
                0x0000000000000300                . = 0x300
 *fill*         0x00000000400802c6       0x3a 
 *(.KernelExceptionVector.text)
 .KernelExceptionVector.text
                0x0000000040080300        0x6 /Users/akshay/esp/LineFollow/build/freertos/libfreertos.a(xtensa_vectors.o)
                0x0000000040080300                _KernelExceptionVector
                0x0000000000000340                . = 0x340
 *fill*         0x0000000040080306       0x3a 
 *(.UserExceptionVector.text)
 .UserExceptionVector.text
                0x0000000040080340        0x6 /Users/akshay/esp/LineFollow/build/freertos/libfreertos.a(xtensa_vectors.o)
                0x0000000040080340                _UserExceptionVector
                0x00000000000003c0                . = 0x3c0
 *fill*         0x0000000040080346       0x7a 
 *(.DoubleExceptionVector.text)
 .DoubleExceptionVector.text
                0x00000000400803c0        0xf /Users/akshay/esp/LineFollow/build/freertos/libfreertos.a(xtensa_vectors.o)
                0x00000000400803c0                _DoubleExceptionVector
                0x0000000000000400                . = 0x400
 *fill*         0x00000000400803cf       0x31 
 *(.*Vector.literal)
 *(.UserEnter.literal)
 *(.UserEnter.text)
                0x0000000040080400                . = ALIGN (0x10)
 *(.entry.text)
 *(.init.literal)
 *(.init)
                0x0000000040080400                _init_end = ABSOLUTE (.)
                0x0000000000000000                _iram_start = 0x0

.iram0.text     0x0000000040080400     0x87bc
                0x0000000040080400                _iram_text_start = ABSOLUTE (.)
 *(.iram1 .iram1.*)
 .iram1.literal
                0x0000000040080400       0xa8 /Users/akshay/esp/LineFollow/build/esp32/libesp32.a(cpu_start.o)
                                        0x1c4 (size before relaxing)
 .iram1.literal
                0x00000000400804a8       0x1c /Users/akshay/esp/LineFollow/build/esp32/libesp32.a(crosscore_int.o)
                                         0x40 (size before relaxing)
 .iram1.literal
                0x00000000400804c4       0x38 /Users/akshay/esp/LineFollow/build/esp32/libesp32.a(dport_access.o)
                                         0x88 (size before relaxing)
 .iram1.literal
                0x00000000400804fc       0x28 /Users/akshay/esp/LineFollow/build/esp32/libesp32.a(esp_timer.o)
                                         0x60 (size before relaxing)
 .iram1.literal
                0x0000000040080524       0x60 /Users/akshay/esp/LineFollow/build/esp32/libesp32.a(esp_timer_esp32.o)
                                         0xf8 (size before relaxing)
 .iram1.literal
                0x0000000040080584        0xc /Users/akshay/esp/LineFollow/build/esp32/libesp32.a(int_wdt.o)
 .iram1.literal
                0x0000000040080590       0x20 /Users/akshay/esp/LineFollow/build/esp32/libesp32.a(intr_alloc.o)
                                         0x7c (size before relaxing)
 .iram1.literal
                0x00000000400805b0       0x20 /Users/akshay/esp/LineFollow/build/esp32/libesp32.a(ipc.o)
                                         0x34 (size before relaxing)
 .iram1.literal
                0x00000000400805d0       0x60 /Users/akshay/esp/LineFollow/build/esp32/libesp32.a(system_api.o)
                                         0xc0 (size before relaxing)
 .iram1.literal
                0x0000000040080630       0x10 /Users/akshay/esp/LineFollow/build/esp32/libesp32.a(dport_panic_highint_hdl.o)
                                         0x28 (size before relaxing)
 .iram1.literal
                0x0000000040080640        0xc /Users/akshay/esp/LineFollow/build/esp32/libesp32.a(cache_err_int.o)
                                         0x18 (size before relaxing)
 .iram1.literal
                0x000000004008064c        0xc /Users/akshay/esp/LineFollow/build/esp32/libesp32.a(clk.o)
                                         0x18 (size before relaxing)
 .iram1.literal
                0x0000000040080658        0x4 /Users/akshay/esp/LineFollow/build/esp32/libesp32.a(freertos_hooks.o)
 .iram1.literal
                0x000000004008065c        0x4 /Users/akshay/esp/LineFollow/build/freertos/libfreertos.a(port.o)
 .iram1.literal
                0x0000000040080660       0x44 /Users/akshay/esp/LineFollow/build/freertos/libfreertos.a(xtensa_vectors.o)
                                         0x68 (size before relaxing)
 .iram1.literal
                0x00000000400806a4       0x58 /Users/akshay/esp/LineFollow/build/heap/libheap.a(heap_caps.o)
                                         0xb0 (size before relaxing)
 .iram1.literal
                0x00000000400806fc       0x24 /Users/akshay/esp/LineFollow/build/log/liblog.a(log.o)
                                         0x48 (size before relaxing)
 .iram1.literal
                0x0000000040080720       0x14 /Users/akshay/esp/LineFollow/build/newlib/libnewlib.a(locks.o)
                                         0x90 (size before relaxing)
 .iram1.literal
                0x0000000040080734        0x8 /Users/akshay/esp/LineFollow/build/newlib/libnewlib.a(reent_init.o)
                                         0x10 (size before relaxing)
 .iram1.literal
                0x000000004008073c        0x4 /Users/akshay/esp/LineFollow/build/newlib/libnewlib.a(syscalls.o)
                                         0x14 (size before relaxing)
 .iram1.literal
                0x0000000040080740        0x4 /Users/akshay/esp/LineFollow/build/newlib/libnewlib.a(time.o)
                                         0x1c (size before relaxing)
 .iram1.literal
                0x0000000040080744       0x1c /Users/akshay/esp/LineFollow/build/soc/libsoc.a(cpu_util.o)
                                         0x30 (size before relaxing)
 .iram1.literal
                0x0000000040080760       0x50 /Users/akshay/esp/LineFollow/build/spi_flash/libspi_flash.a(cache_utils.o)
                                        0x120 (size before relaxing)
 .iram1.literal
                0x00000000400807b0       0x38 /Users/akshay/esp/LineFollow/build/spi_flash/libspi_flash.a(flash_ops.o)
                                         0xe4 (size before relaxing)
 .iram1.literal
                0x00000000400807e8       0x48 /Users/akshay/esp/LineFollow/build/spi_flash/libspi_flash.a(flash_mmap.o)
                                        0x108 (size before relaxing)
 .literal.pxPortInitialiseStack
                0x0000000040080830       0x10 /Users/akshay/esp/LineFollow/build/freertos/libfreertos.a(port.o)
                                         0x18 (size before relaxing)
 .literal.xPortStartScheduler
                0x0000000040080840        0x0 /Users/akshay/esp/LineFollow/build/freertos/libfreertos.a(port.o)
                                         0x14 (size before relaxing)
 .literal.xPortSysTickHandler
                0x0000000040080840        0x0 /Users/akshay/esp/LineFollow/build/freertos/libfreertos.a(port.o)
                                          0x8 (size before relaxing)
 .literal.vPortYieldOtherCore
                0x0000000040080840        0x0 /Users/akshay/esp/LineFollow/build/freertos/libfreertos.a(port.o)
                                          0x4 (size before relaxing)
 .literal.vPortReleaseTaskMPUSettings
                0x0000000040080840        0x0 /Users/akshay/esp/LineFollow/build/freertos/libfreertos.a(port.o)
                                          0x4 (size before relaxing)
 .literal.xPortInIsrContext
                0x0000000040080840        0x0 /Users/akshay/esp/LineFollow/build/freertos/libfreertos.a(port.o)
                                          0x8 (size before relaxing)
 .literal.vPortCPUInitializeMutex
                0x0000000040080840        0x4 /Users/akshay/esp/LineFollow/build/freertos/libfreertos.a(port.o)
 .literal.vPortCPUAcquireMutex
                0x0000000040080844       0x1c /Users/akshay/esp/LineFollow/build/freertos/libfreertos.a(port.o)
                                         0x30 (size before relaxing)
 .literal.vPortCPUReleaseMutex
                0x0000000040080860       0x10 /Users/akshay/esp/LineFollow/build/freertos/libfreertos.a(port.o)
                                         0x28 (size before relaxing)
 .literal.prvIsQueueFull
                0x0000000040080870        0x0 /Users/akshay/esp/LineFollow/build/freertos/libfreertos.a(queue.o)
                                          0x8 (size before relaxing)
 .literal.prvCopyDataToQueue
                0x0000000040080870        0x0 /Users/akshay/esp/LineFollow/build/freertos/libfreertos.a(queue.o)
                                          0xc (size before relaxing)
 .literal.prvNotifyQueueSetContainer
                0x0000000040080870       0x14 /Users/akshay/esp/LineFollow/build/freertos/libfreertos.a(queue.o)
                                         0x2c (size before relaxing)
 .literal.prvCopyDataFromQueue
                0x0000000040080884        0x0 /Users/akshay/esp/LineFollow/build/freertos/libfreertos.a(queue.o)
                                          0x4 (size before relaxing)
 .literal.xQueueGenericReset
                0x0000000040080884        0x4 /Users/akshay/esp/LineFollow/build/freertos/libfreertos.a(queue.o)
                                         0x30 (size before relaxing)
 .literal.prvInitialiseNewQueue
                0x0000000040080888        0x0 /Users/akshay/esp/LineFollow/build/freertos/libfreertos.a(queue.o)
                                          0x4 (size before relaxing)
 .literal.xQueueGenericCreate
                0x0000000040080888        0x4 /Users/akshay/esp/LineFollow/build/freertos/libfreertos.a(queue.o)
                                         0x1c (size before relaxing)
 .literal.xQueueGetMutexHolder
                0x000000004008088c        0x0 /Users/akshay/esp/LineFollow/build/freertos/libfreertos.a(queue.o)
                                          0x8 (size before relaxing)
 .literal.xQueueCreateCountingSemaphore
                0x000000004008088c        0x4 /Users/akshay/esp/LineFollow/build/freertos/libfreertos.a(queue.o)
                                         0x28 (size before relaxing)
 .literal.xQueueGenericSend
                0x0000000040080890        0x4 /Users/akshay/esp/LineFollow/build/freertos/libfreertos.a(queue.o)
                                         0x7c (size before relaxing)
 .literal.prvInitialiseMutex
                0x0000000040080894        0x0 /Users/akshay/esp/LineFollow/build/freertos/libfreertos.a(queue.o)
                                          0x8 (size before relaxing)
 .literal.xQueueCreateMutex
                0x0000000040080894        0x0 /Users/akshay/esp/LineFollow/build/freertos/libfreertos.a(queue.o)
                                          0x8 (size before relaxing)
 .literal.xQueueGiveMutexRecursive
                0x0000000040080894        0x4 /Users/akshay/esp/LineFollow/build/freertos/libfreertos.a(queue.o)
                                         0x1c (size before relaxing)
 .literal.xQueueGenericSendFromISR
                0x0000000040080898        0x4 /Users/akshay/esp/LineFollow/build/freertos/libfreertos.a(queue.o)
                                         0x3c (size before relaxing)
 .literal.xQueueGiveFromISR
                0x000000004008089c        0x4 /Users/akshay/esp/LineFollow/build/freertos/libfreertos.a(queue.o)
                                         0x30 (size before relaxing)
 .literal.xQueueGenericReceive
                0x00000000400808a0        0x4 /Users/akshay/esp/LineFollow/build/freertos/libfreertos.a(queue.o)
                                         0x78 (size before relaxing)
 .literal.xQueueTakeMutexRecursive
                0x00000000400808a4        0x4 /Users/akshay/esp/LineFollow/build/freertos/libfreertos.a(queue.o)
                                         0x1c (size before relaxing)
 .literal.xQueueReceiveFromISR
                0x00000000400808a8        0x4 /Users/akshay/esp/LineFollow/build/freertos/libfreertos.a(queue.o)
                                         0x30 (size before relaxing)
 .literal.vQueueDelete
                0x00000000400808ac        0x4 /Users/akshay/esp/LineFollow/build/freertos/libfreertos.a(queue.o)
                                         0x18 (size before relaxing)
 .literal.vQueueWaitForMessageRestricted
                0x00000000400808b0        0x0 /Users/akshay/esp/LineFollow/build/freertos/libfreertos.a(queue.o)
                                          0xc (size before relaxing)
 .literal.prvResetNextTaskUnblockTime
                0x00000000400808b0        0x8 /Users/akshay/esp/LineFollow/build/freertos/libfreertos.a(tasks.o)
 .literal.prvDeleteTLS
                0x00000000400808b8       0x10 /Users/akshay/esp/LineFollow/build/freertos/libfreertos.a(tasks.o)
                                         0x18 (size before relaxing)
 .literal.prvInitialiseNewTask
                0x00000000400808c8        0x0 /Users/akshay/esp/LineFollow/build/freertos/libfreertos.a(tasks.o)
                                         0x18 (size before relaxing)
 .literal.prvInitialiseTaskLists
                0x00000000400808c8       0x20 /Users/akshay/esp/LineFollow/build/freertos/libfreertos.a(tasks.o)
                                         0x40 (size before relaxing)
 .literal.prvDeleteTCB
                0x00000000400808e8        0x8 /Users/akshay/esp/LineFollow/build/freertos/libfreertos.a(tasks.o)
                                         0x2c (size before relaxing)
 .literal.prvAddCurrentTaskToDelayedList
                0x00000000400808f0        0x4 /Users/akshay/esp/LineFollow/build/freertos/libfreertos.a(tasks.o)
                                         0x1c (size before relaxing)
 .literal.taskYIELD_OTHER_CORE
                0x00000000400808f4        0x0 /Users/akshay/esp/LineFollow/build/freertos/libfreertos.a(tasks.o)
                                         0x10 (size before relaxing)
 .literal.vTaskSuspendAll
                0x00000000400808f4        0x4 /Users/akshay/esp/LineFollow/build/freertos/libfreertos.a(tasks.o)
                                          0x8 (size before relaxing)
 .literal.xTaskGetIdleTaskHandleForCPU
                0x00000000400808f8        0xc /Users/akshay/esp/LineFollow/build/freertos/libfreertos.a(tasks.o)
                                         0x1c (size before relaxing)
 .literal.vTaskSwitchContext
                0x0000000040080904       0x18 /Users/akshay/esp/LineFollow/build/freertos/libfreertos.a(tasks.o)
                                         0x3c (size before relaxing)
 .literal.vTaskSetTimeOutState
                0x000000004008091c        0xc /Users/akshay/esp/LineFollow/build/freertos/libfreertos.a(tasks.o)
                                         0x20 (size before relaxing)
 .literal.xTaskGetCurrentTaskHandle
                0x0000000040080928        0x0 /Users/akshay/esp/LineFollow/build/freertos/libfreertos.a(tasks.o)
                                          0x8 (size before relaxing)
 .literal.__getreent
                0x0000000040080928        0x0 /Users/akshay/esp/LineFollow/build/freertos/libfreertos.a(tasks.o)
                                          0x8 (size before relaxing)
 .literal.pcTaskGetTaskName
                0x0000000040080928        0x8 /Users/akshay/esp/LineFollow/build/freertos/libfreertos.a(tasks.o)
                                         0x1c (size before relaxing)
 .literal.xTaskGetAffinity
                0x0000000040080930        0x0 /Users/akshay/esp/LineFollow/build/freertos/libfreertos.a(tasks.o)
                                          0x4 (size before relaxing)
 .literal.xTaskGetCurrentTaskHandleForCPU
                0x0000000040080930        0x0 /Users/akshay/esp/LineFollow/build/freertos/libfreertos.a(tasks.o)
                                          0x4 (size before relaxing)
 .literal.xTaskGetSchedulerState
                0x0000000040080930        0x4 /Users/akshay/esp/LineFollow/build/freertos/libfreertos.a(tasks.o)
                                          0xc (size before relaxing)
 .literal.vTaskEnterCritical
                0x0000000040080934       0x14 /Users/akshay/esp/LineFollow/build/freertos/libfreertos.a(tasks.o)
                                         0x34 (size before relaxing)
 .literal.vTaskExitCritical
                0x0000000040080948       0x10 /Users/akshay/esp/LineFollow/build/freertos/libfreertos.a(tasks.o)
                                         0x30 (size before relaxing)
 .literal.prvAddNewTaskToReadyList
                0x0000000040080958       0x10 /Users/akshay/esp/LineFollow/build/freertos/libfreertos.a(tasks.o)
                                         0x58 (size before relaxing)
 .literal.xTaskCreatePinnedToCore
                0x0000000040080968        0x0 /Users/akshay/esp/LineFollow/build/freertos/libfreertos.a(tasks.o)
                                         0x18 (size before relaxing)
 .literal.vTaskStartScheduler
                0x0000000040080968       0x10 /Users/akshay/esp/LineFollow/build/freertos/libfreertos.a(tasks.o)
                                         0x38 (size before relaxing)
 .literal.vTaskDelete
                0x0000000040080978        0x8 /Users/akshay/esp/LineFollow/build/freertos/libfreertos.a(tasks.o)
                                         0x60 (size before relaxing)
 .literal.uxTaskPriorityGet
                0x0000000040080980        0x0 /Users/akshay/esp/LineFollow/build/freertos/libfreertos.a(tasks.o)
                                         0x10 (size before relaxing)
 .literal.vTaskPrioritySet
                0x0000000040080980        0x4 /Users/akshay/esp/LineFollow/build/freertos/libfreertos.a(tasks.o)
                                         0x44 (size before relaxing)
 .literal.prvCheckTasksWaitingTermination
                0x0000000040080984        0x8 /Users/akshay/esp/LineFollow/build/freertos/libfreertos.a(tasks.o)
                                         0x30 (size before relaxing)
 .literal.prvIdleTask
                0x000000004008098c        0x0 /Users/akshay/esp/LineFollow/build/freertos/libfreertos.a(tasks.o)
                                          0xc (size before relaxing)
 .literal.xTaskGetTickCount
                0x000000004008098c        0x4 /Users/akshay/esp/LineFollow/build/freertos/libfreertos.a(tasks.o)
                                         0x10 (size before relaxing)
 .literal.xTaskIncrementTick
                0x0000000040080990        0xc /Users/akshay/esp/LineFollow/build/freertos/libfreertos.a(tasks.o)
                                         0x78 (size before relaxing)
 .literal.xTaskResumeAll
                0x000000004008099c        0x8 /Users/akshay/esp/LineFollow/build/freertos/libfreertos.a(tasks.o)
                                         0x5c (size before relaxing)
 .literal.vTaskPlaceOnEventList
                0x00000000400809a4        0x8 /Users/akshay/esp/LineFollow/build/freertos/libfreertos.a(tasks.o)
                                         0x40 (size before relaxing)
 .literal.vTaskPlaceOnEventListRestricted
                0x00000000400809ac        0x8 /Users/akshay/esp/LineFollow/build/freertos/libfreertos.a(tasks.o)
                                         0x38 (size before relaxing)
 .literal.xTaskRemoveFromEventList
                0x00000000400809b4        0x8 /Users/akshay/esp/LineFollow/build/freertos/libfreertos.a(tasks.o)
                                         0x58 (size before relaxing)
 .literal.xTaskCheckForTimeOut
                0x00000000400809bc        0xc /Users/akshay/esp/LineFollow/build/freertos/libfreertos.a(tasks.o)
                                         0x3c (size before relaxing)
 .literal.vTaskPriorityInherit
                0x00000000400809c8        0x0 /Users/akshay/esp/LineFollow/build/freertos/libfreertos.a(tasks.o)
                                         0x2c (size before relaxing)
 .literal.xTaskPriorityDisinherit
                0x00000000400809c8        0x8 /Users/akshay/esp/LineFollow/build/freertos/libfreertos.a(tasks.o)
                                         0x40 (size before relaxing)
 .literal.pvTaskIncrementMutexHeldCount
                0x00000000400809d0        0x0 /Users/akshay/esp/LineFollow/build/freertos/libfreertos.a(tasks.o)
                                         0x10 (size before relaxing)
 .literal.prvGetNextExpireTime
                0x00000000400809d0        0x4 /Users/akshay/esp/LineFollow/build/freertos/libfreertos.a(timers.o)
 .literal.prvInsertTimerInActiveList
                0x00000000400809d4        0x4 /Users/akshay/esp/LineFollow/build/freertos/libfreertos.a(timers.o)
                                         0x10 (size before relaxing)
 .literal.prvCheckForValidListAndQueue
                0x00000000400809d8       0x1c /Users/akshay/esp/LineFollow/build/freertos/libfreertos.a(timers.o)
                                         0x44 (size before relaxing)
 .literal.xTimerCreateTimerTask
                0x00000000400809f4       0x10 /Users/akshay/esp/LineFollow/build/freertos/libfreertos.a(timers.o)
                                         0x2c (size before relaxing)
 .literal.xTimerGenericCommand
                0x0000000040080a04        0x0 /Users/akshay/esp/LineFollow/build/freertos/libfreertos.a(timers.o)
                                         0x14 (size before relaxing)
 .literal.prvSwitchTimerLists
                0x0000000040080a04        0x4 /Users/akshay/esp/LineFollow/build/freertos/libfreertos.a(timers.o)
                                         0x28 (size before relaxing)
 .literal.prvSampleTimeNow
                0x0000000040080a08        0x4 /Users/akshay/esp/LineFollow/build/freertos/libfreertos.a(timers.o)
                                          0xc (size before relaxing)
 .literal.prvProcessExpiredTimer
                0x0000000040080a0c        0x4 /Users/akshay/esp/LineFollow/build/freertos/libfreertos.a(timers.o)
                                         0x24 (size before relaxing)
 .literal.prvProcessTimerOrBlockTask
                0x0000000040080a10        0x0 /Users/akshay/esp/LineFollow/build/freertos/libfreertos.a(timers.o)
                                         0x24 (size before relaxing)
 .literal.prvProcessReceivedCommands
                0x0000000040080a10        0x8 /Users/akshay/esp/LineFollow/build/freertos/libfreertos.a(timers.o)
                                         0x40 (size before relaxing)
 .literal.prvTimerTask
                0x0000000040080a18        0x0 /Users/akshay/esp/LineFollow/build/freertos/libfreertos.a(timers.o)
                                          0xc (size before relaxing)
 .literal._xt_tick_divisor_init
                0x0000000040080a18        0x8 /Users/akshay/esp/LineFollow/build/freertos/libfreertos.a(xtensa_init.o)
                                          0xc (size before relaxing)
 .literal.xt_unhandled_interrupt
                0x0000000040080a20        0x4 /Users/akshay/esp/LineFollow/build/freertos/libfreertos.a(xtensa_intr.o)
                                          0x8 (size before relaxing)
 .literal.xt_set_interrupt_handler
                0x0000000040080a24        0x8 /Users/akshay/esp/LineFollow/build/freertos/libfreertos.a(xtensa_intr.o)
                                          0xc (size before relaxing)
 .literal       0x0000000040080a2c        0xc /Users/akshay/esp/LineFollow/build/freertos/libfreertos.a(portasm.o)
                                         0x54 (size before relaxing)
 .literal       0x0000000040080a38        0x0 /Users/akshay/esp/LineFollow/build/freertos/libfreertos.a(xtensa_context.o)
                                         0x10 (size before relaxing)
 .literal.get_prev_free_block
                0x0000000040080a38       0x10 /Users/akshay/esp/LineFollow/build/heap/libheap.a(multi_heap.o)
                                         0x28 (size before relaxing)
 .literal.split_if_necessary
                0x0000000040080a48       0x10 /Users/akshay/esp/LineFollow/build/heap/libheap.a(multi_heap.o)
                                         0x50 (size before relaxing)
 .literal.assert_valid_block
                0x0000000040080a58        0x0 /Users/akshay/esp/LineFollow/build/heap/libheap.a(multi_heap.o)
                                         0x2c (size before relaxing)
 .literal.merge_adjacent
                0x0000000040080a58        0x8 /Users/akshay/esp/LineFollow/build/heap/libheap.a(multi_heap.o)
                                         0x4c (size before relaxing)
 .literal.multi_heap_get_allocated_size_impl
                0x0000000040080a60        0x0 /Users/akshay/esp/LineFollow/build/heap/libheap.a(multi_heap.o)
                                         0x10 (size before relaxing)
 .literal.multi_heap_malloc_impl
                0x0000000040080a60        0x0 /Users/akshay/esp/LineFollow/build/heap/libheap.a(multi_heap.o)
                                         0x28 (size before relaxing)
 .literal.multi_heap_free_impl
                0x0000000040080a60        0x0 /Users/akshay/esp/LineFollow/build/heap/libheap.a(multi_heap.o)
                                         0x50 (size before relaxing)
 .literal.multi_heap_realloc_impl
                0x0000000040080a60        0x8 /Users/akshay/esp/LineFollow/build/heap/libheap.a(multi_heap.o)
                                         0x68 (size before relaxing)
 .literal.panicPutChar
                0x0000000040080a68        0x8 /Users/akshay/esp/LineFollow/build/esp32/libesp32.a(panic.o)
 .literal.panicPutStr
                0x0000000040080a70        0x0 /Users/akshay/esp/LineFollow/build/esp32/libesp32.a(panic.o)
                                          0x4 (size before relaxing)
 .literal.panicPutHex
                0x0000000040080a70        0x0 /Users/akshay/esp/LineFollow/build/esp32/libesp32.a(panic.o)
                                          0x8 (size before relaxing)
 .literal.panicPutDec
                0x0000000040080a70        0x4 /Users/akshay/esp/LineFollow/build/esp32/libesp32.a(panic.o)
                                         0x10 (size before relaxing)
 .literal.reconfigureAllWdts
                0x0000000040080a74       0x10 /Users/akshay/esp/LineFollow/build/esp32/libesp32.a(panic.o)
                                         0x24 (size before relaxing)
 .literal.putEntry
                0x0000000040080a84       0x10 /Users/akshay/esp/LineFollow/build/esp32/libesp32.a(panic.o)
                                         0x20 (size before relaxing)
 .literal.doBacktrace
                0x0000000040080a94       0x10 /Users/akshay/esp/LineFollow/build/esp32/libesp32.a(panic.o)
                                         0x24 (size before relaxing)
 .literal.invoke_abort
                0x0000000040080aa4        0x4 /Users/akshay/esp/LineFollow/build/esp32/libesp32.a(panic.o)
                                          0x8 (size before relaxing)
 .literal.haltOtherCore
                0x0000000040080aa8        0x0 /Users/akshay/esp/LineFollow/build/esp32/libesp32.a(panic.o)
                                          0x4 (size before relaxing)
 .literal.esp_panic_wdt_start
                0x0000000040080aa8       0x14 /Users/akshay/esp/LineFollow/build/esp32/libesp32.a(panic.o)
                                         0x2c (size before relaxing)
 .literal.commonErrorHandler_dump
                0x0000000040080abc       0x30 /Users/akshay/esp/LineFollow/build/esp32/libesp32.a(panic.o)
                                         0x90 (size before relaxing)
 .literal.esp_panic_dig_reset
                0x0000000040080aec        0x0 /Users/akshay/esp/LineFollow/build/esp32/libesp32.a(panic.o)
                                         0x14 (size before relaxing)
 .literal.abort
                0x0000000040080aec        0x8 /Users/akshay/esp/LineFollow/build/esp32/libesp32.a(panic.o)
                                         0x10 (size before relaxing)
 .literal.vApplicationStackOverflowHook
                0x0000000040080af4        0x8 /Users/akshay/esp/LineFollow/build/esp32/libesp32.a(panic.o)
                                         0x18 (size before relaxing)
 .literal.esp_panic_wdt_stop
                0x0000000040080afc        0x0 /Users/akshay/esp/LineFollow/build/esp32/libesp32.a(panic.o)
                                         0x18 (size before relaxing)
 .literal.commonErrorHandler
                0x0000000040080afc        0x4 /Users/akshay/esp/LineFollow/build/esp32/libesp32.a(panic.o)
                                         0x28 (size before relaxing)
 .literal.panicHandler
                0x0000000040080b00       0x34 /Users/akshay/esp/LineFollow/build/esp32/libesp32.a(panic.o)
                                         0xa4 (size before relaxing)
 .literal.xt_unhandled_exception
                0x0000000040080b34       0x18 /Users/akshay/esp/LineFollow/build/esp32/libesp32.a(panic.o)
                                         0x60 (size before relaxing)
 .literal._esp_error_check_failed
                0x0000000040080b4c       0x14 /Users/akshay/esp/LineFollow/build/esp32/libesp32.a(panic.o)
                                         0x30 (size before relaxing)
 .literal.rtc_clk_32k_enable_internal
                0x0000000040080b60       0x14 /Users/akshay/esp/LineFollow/build/soc/libsoc.a(rtc_clk.o)
 .literal.rtc_clk_32k_enable
                0x0000000040080b74        0x4 /Users/akshay/esp/LineFollow/build/soc/libsoc.a(rtc_clk.o)
                                          0xc (size before relaxing)
 .literal.rtc_clk_32k_bootstrap
                0x0000000040080b78        0xc /Users/akshay/esp/LineFollow/build/soc/libsoc.a(rtc_clk.o)
                                         0x34 (size before relaxing)
 .literal.rtc_clk_slow_freq_set
                0x0000000040080b84        0x4 /Users/akshay/esp/LineFollow/build/soc/libsoc.a(rtc_clk.o)
                                          0xc (size before relaxing)
 .literal.rtc_clk_slow_freq_get
                0x0000000040080b88        0x0 /Users/akshay/esp/LineFollow/build/soc/libsoc.a(rtc_clk.o)
                                          0x4 (size before relaxing)
 .literal.rtc_clk_slow_freq_get_hz
                0x0000000040080b88        0xc /Users/akshay/esp/LineFollow/build/soc/libsoc.a(rtc_clk.o)
                                         0x10 (size before relaxing)
 .literal.rtc_clk_fast_freq_set
                0x0000000040080b94        0x4 /Users/akshay/esp/LineFollow/build/soc/libsoc.a(rtc_clk.o)
                                          0xc (size before relaxing)
 .literal.rtc_clk_bbpll_set
                0x0000000040080b98        0xc /Users/akshay/esp/LineFollow/build/soc/libsoc.a(rtc_clk.o)
                                         0x38 (size before relaxing)
 .literal.rtc_clk_xtal_freq_get
                0x0000000040080ba4        0xc /Users/akshay/esp/LineFollow/build/soc/libsoc.a(rtc_clk.o)
                                         0x1c (size before relaxing)
 .literal.rtc_clk_cpu_freq_get
                0x0000000040080bb0       0x14 /Users/akshay/esp/LineFollow/build/soc/libsoc.a(rtc_clk.o)
                                         0x2c (size before relaxing)
 .literal.rtc_clk_cpu_freq_value
                0x0000000040080bc4       0x1c /Users/akshay/esp/LineFollow/build/soc/libsoc.a(rtc_clk.o)
                                         0x2c (size before relaxing)
 .literal.rtc_clk_apb_freq_update
                0x0000000040080be0        0x4 /Users/akshay/esp/LineFollow/build/soc/libsoc.a(rtc_clk.o)
                                          0x8 (size before relaxing)
 .literal.rtc_clk_cpu_freq_set
                0x0000000040080be4       0x1c /Users/akshay/esp/LineFollow/build/soc/libsoc.a(rtc_clk.o)
                                         0x88 (size before relaxing)
 .literal.rtc_clk_apb_freq_get
                0x0000000040080c00        0x8 /Users/akshay/esp/LineFollow/build/soc/libsoc.a(rtc_clk.o)
                                         0x14 (size before relaxing)
 .literal.rtc_init
                0x0000000040080c08       0x80 /Users/akshay/esp/LineFollow/build/soc/libsoc.a(rtc_init.o)
                                         0xdc (size before relaxing)
 .literal.rtc_clk_cal_internal
                0x0000000040080c88       0x10 /Users/akshay/esp/LineFollow/build/soc/libsoc.a(rtc_time.o)
                                         0x3c (size before relaxing)
 .literal.rtc_clk_cal
                0x0000000040080c98        0x0 /Users/akshay/esp/LineFollow/build/soc/libsoc.a(rtc_time.o)
                                          0xc (size before relaxing)
 .literal.rtc_time_get
                0x0000000040080c98       0x10 /Users/akshay/esp/LineFollow/build/soc/libsoc.a(rtc_time.o)
                                         0x18 (size before relaxing)
 .literal.rtc_clk_wait_for_slow_cycle
                0x0000000040080ca8        0x8 /Users/akshay/esp/LineFollow/build/soc/libsoc.a(rtc_time.o)
                                         0x20 (size before relaxing)
 .literal       0x0000000040080cb0        0x0 /Users/akshay/esp/esp-idf/components/esp32/libhal.a(windowspill_asm.o)
                                          0x4 (size before relaxing)
 .literal.esp_rom_spiflash_read_status
                0x0000000040080cb0       0x10 /Users/akshay/esp/LineFollow/build/spi_flash/libspi_flash.a(spi_flash_rom_patch.o)
                                         0x14 (size before relaxing)
 .literal.esp_rom_spiflash_wait_idle
                0x0000000040080cc0        0x8 /Users/akshay/esp/LineFollow/build/spi_flash/libspi_flash.a(spi_flash_rom_patch.o)
                                          0xc (size before relaxing)
 .literal.esp_rom_spiflash_erase_block_internal
                0x0000000040080cc8        0x4 /Users/akshay/esp/LineFollow/build/spi_flash/libspi_flash.a(spi_flash_rom_patch.o)
                                         0x18 (size before relaxing)
 .literal.esp_rom_spiflash_erase_sector_internal
                0x0000000040080ccc        0x0 /Users/akshay/esp/LineFollow/build/spi_flash/libspi_flash.a(spi_flash_rom_patch.o)
                                         0x18 (size before relaxing)
 .literal.esp_rom_spiflash_read_data
                0x0000000040080ccc       0x18 /Users/akshay/esp/LineFollow/build/spi_flash/libspi_flash.a(spi_flash_rom_patch.o)
                                         0x34 (size before relaxing)
 .literal.esp_rom_spiflash_enable_write
                0x0000000040080ce4        0x0 /Users/akshay/esp/LineFollow/build/spi_flash/libspi_flash.a(spi_flash_rom_patch.o)
                                         0x10 (size before relaxing)
 .literal.esp_rom_spiflash_program_page_internal
                0x0000000040080ce4       0x10 /Users/akshay/esp/LineFollow/build/spi_flash/libspi_flash.a(spi_flash_rom_patch.o)
                                         0x40 (size before relaxing)
 .literal.esp_rom_spiflash_read_statushigh
                0x0000000040080cf4        0x4 /Users/akshay/esp/LineFollow/build/spi_flash/libspi_flash.a(spi_flash_rom_patch.o)
                                          0xc (size before relaxing)
 .literal.esp_rom_spiflash_write_status
                0x0000000040080cf8        0x4 /Users/akshay/esp/LineFollow/build/spi_flash/libspi_flash.a(spi_flash_rom_patch.o)
                                         0x14 (size before relaxing)
 .literal.esp_rom_spiflash_unlock
                0x0000000040080cfc        0x8 /Users/akshay/esp/LineFollow/build/spi_flash/libspi_flash.a(spi_flash_rom_patch.o)
                                         0x28 (size before relaxing)
 .literal.esp_rom_spiflash_erase_block
                0x0000000040080d04        0xc /Users/akshay/esp/LineFollow/build/spi_flash/libspi_flash.a(spi_flash_rom_patch.o)
                                         0x20 (size before relaxing)
 .literal.esp_rom_spiflash_erase_sector
                0x0000000040080d10        0x0 /Users/akshay/esp/LineFollow/build/spi_flash/libspi_flash.a(spi_flash_rom_patch.o)
                                         0x20 (size before relaxing)
 .literal.esp_rom_spiflash_write
                0x0000000040080d10        0x0 /Users/akshay/esp/LineFollow/build/spi_flash/libspi_flash.a(spi_flash_rom_patch.o)
                                         0x28 (size before relaxing)
 .literal.esp_rom_spiflash_write_encrypted
                0x0000000040080d10        0xc /Users/akshay/esp/LineFollow/build/spi_flash/libspi_flash.a(spi_flash_rom_patch.o)
                                         0x10 (size before relaxing)
 .literal.esp_rom_spiflash_read
                0x0000000040080d1c       0x30 /Users/akshay/esp/LineFollow/build/spi_flash/libspi_flash.a(spi_flash_rom_patch.o)
                                         0x5c (size before relaxing)
 .literal       0x0000000040080d4c       0x10 /Users/akshay/esp/esp-idf/components/newlib/lib/libm.a(lib_a-s_fpclassify.o)
                                         0x18 (size before relaxing)
 .iram1         0x0000000040080d5c      0x27e /Users/akshay/esp/LineFollow/build/esp32/libesp32.a(cpu_start.o)
                                        0x336 (size before relaxing)
                0x0000000040080d5c                start_cpu0
                0x0000000040080d5c                start_cpu0_default
                0x0000000040080e2c                start_cpu1_default
                0x0000000040080e2c                start_cpu1
                0x0000000040080ea8                call_start_cpu0
 *fill*         0x0000000040080fda        0x2 
 .iram1         0x0000000040080fdc       0xb0 /Users/akshay/esp/LineFollow/build/esp32/libesp32.a(crosscore_int.o)
                                         0xc0 (size before relaxing)
                0x0000000040081074                esp_crosscore_int_send_yield
                0x0000000040081080                esp_crosscore_int_send_freq_switch
 .iram1         0x000000004008108c      0x1e3 /Users/akshay/esp/LineFollow/build/esp32/libesp32.a(dport_access.o)
                                        0x1ef (size before relaxing)
                0x000000004008108c                esp_dport_access_stall_other_cpu_start
                0x000000004008113c                esp_dport_access_stall_other_cpu_end
                0x00000000400811b8                esp_dport_access_stall_other_cpu_start_wrap
                0x00000000400811c0                esp_dport_access_stall_other_cpu_end_wrap
                0x00000000400811c8                esp_dport_access_int_pause
                0x00000000400811ec                esp_dport_access_int_abort
                0x0000000040081200                esp_dport_access_int_resume
                0x0000000040081224                esp_dport_access_reg_read
                0x000000004008123c                esp_dport_access_sequence_reg_read
                0x0000000040081248                esp_dport_access_read_buffer
 *fill*         0x000000004008126f        0x1 
 .iram1         0x0000000040081270      0x205 /Users/akshay/esp/LineFollow/build/esp32/libesp32.a(esp_timer.o)
                                        0x219 (size before relaxing)
                0x000000004008138c                esp_timer_stop
                0x00000000400813b0                esp_timer_get_next_alarm
                0x00000000400813d0                esp_timer_get_time
                0x00000000400813e0                esp_timer_start_once
                0x0000000040081424                esp_timer_start_periodic
 *fill*         0x0000000040081475        0x3 
 .iram1         0x0000000040081478      0x4af /Users/akshay/esp/LineFollow/build/esp32/libesp32.a(esp_timer_esp32.o)
                                        0x4bb (size before relaxing)
                0x000000004008159c                esp_timer_impl_get_time
                0x000000004008170c                esp_timer_impl_set_alarm
                0x0000000040081854                esp_timer_impl_update_apb_freq
                0x000000004008191c                esp_timer_impl_get_min_period_us
 *fill*         0x0000000040081927        0x1 
 .iram1         0x0000000040081928       0x53 /Users/akshay/esp/LineFollow/build/esp32/libesp32.a(int_wdt.o)
 *fill*         0x000000004008197b        0x1 
 .iram1         0x000000004008197c      0x2b6 /Users/akshay/esp/LineFollow/build/esp32/libesp32.a(intr_alloc.o)
                                        0x2ce (size before relaxing)
                0x00000000400819b8                esp_intr_set_in_iram
                0x0000000040081a40                esp_intr_enable
                0x0000000040081ac8                esp_intr_disable
                0x0000000040081b90                esp_intr_noniram_disable
                0x0000000040081bdc                esp_intr_noniram_enable
                0x0000000040081c1c                ets_isr_unmask
                0x0000000040081c28                ets_isr_mask
 *fill*         0x0000000040081c32        0x2 
 .iram1         0x0000000040081c34       0x7f /Users/akshay/esp/LineFollow/build/esp32/libesp32.a(ipc.o)
                                         0x8b (size before relaxing)
 *fill*         0x0000000040081cb3        0x1 
 .iram1         0x0000000040081cb4      0x1e1 /Users/akshay/esp/LineFollow/build/esp32/libesp32.a(system_api.o)
                                        0x21c (size before relaxing)
                0x0000000040081d2c                esp_restart_noos
                0x0000000040081e74                esp_restart
                0x0000000040081e74                system_restart
 *fill*         0x0000000040081e95        0x3 
 .iram1         0x0000000040081e98       0xda /Users/akshay/esp/LineFollow/build/esp32/libesp32.a(dport_panic_highint_hdl.o)
                0x0000000040081e98                xt_highint4
                0x0000000040081f72                ld_include_panic_highint_hdl
 *fill*         0x0000000040081f72        0x2 
 .iram1         0x0000000040081f74       0x2c /Users/akshay/esp/LineFollow/build/esp32/libesp32.a(cache_err_int.o)
                                         0x34 (size before relaxing)
                0x0000000040081f74                esp_cache_err_get_cpuid
 .iram1         0x0000000040081fa0       0x37 /Users/akshay/esp/LineFollow/build/esp32/libesp32.a(clk.o)
                0x0000000040081fa0                esp_clk_cpu_freq
                0x0000000040081fb0                esp_clk_apb_freq
                0x0000000040081fc8                ets_update_cpu_frequency
 *fill*         0x0000000040081fd7        0x1 
 .iram1         0x0000000040081fd8       0x27 /Users/akshay/esp/LineFollow/build/esp32/libesp32.a(freertos_hooks.o)
                0x0000000040081fd8                esp_vApplicationTickHook
 *fill*         0x0000000040081fff        0x1 
 .iram1         0x0000000040082000       0x1a /Users/akshay/esp/LineFollow/build/freertos/libfreertos.a(port.o)
                0x0000000040082000                xPortInterruptedFromISRContext
 *fill*         0x000000004008201a        0x2 
 .iram1         0x000000004008201c      0x4b4 /Users/akshay/esp/LineFollow/build/freertos/libfreertos.a(xtensa_vectors.o)
                0x000000004008201c                _xt_panic
                0x0000000040082134                _xt_user_exit
                0x0000000040082420                _xt_medint2_exit
                0x00000000400824bc                _xt_medint3_exit
 .iram1         0x00000000400824d0      0x3ed /Users/akshay/esp/LineFollow/build/heap/libheap.a(heap_caps.o)
                                        0x405 (size before relaxing)
                0x0000000040082560                heap_caps_malloc
                0x00000000400825fc                heap_caps_malloc_default
                0x0000000040082640                heap_caps_malloc_prefer
                0x0000000040082698                heap_caps_free
                0x00000000400826d0                heap_caps_realloc
                0x000000004008277c                heap_caps_realloc_default
                0x00000000400827d4                heap_caps_realloc_prefer
                0x0000000040082838                heap_caps_calloc
                0x0000000040082868                heap_caps_calloc_prefer
 *fill*         0x00000000400828bd        0x3 
 .iram1         0x00000000400828c0      0x18a /Users/akshay/esp/LineFollow/build/log/liblog.a(log.o)
                                        0x19a (size before relaxing)
                0x00000000400828c0                esp_log_write
                0x00000000400829f0                esp_log_early_timestamp
                0x0000000040082a0c                esp_log_timestamp
 *fill*         0x0000000040082a4a        0x2 
 .iram1         0x0000000040082a4c      0x1cc /Users/akshay/esp/LineFollow/build/newlib/libnewlib.a(locks.o)
                                        0x210 (size before relaxing)
                0x0000000040082b64                _lock_init
                0x0000000040082b74                _lock_init_recursive
                0x0000000040082b84                _lock_close
                0x0000000040082bc0                _lock_acquire
                0x0000000040082bd0                _lock_acquire_recursive
                0x0000000040082be0                _lock_try_acquire
                0x0000000040082bf0                _lock_try_acquire_recursive
                0x0000000040082c00                _lock_release
                0x0000000040082c0c                _lock_release_recursive
 .iram1         0x0000000040082c18       0x3c /Users/akshay/esp/LineFollow/build/newlib/libnewlib.a(reent_init.o)
                0x0000000040082c18                esp_reent_init
 .iram1         0x0000000040082c54       0x5a /Users/akshay/esp/LineFollow/build/newlib/libnewlib.a(syscalls.o)
                                         0x62 (size before relaxing)
                0x0000000040082c54                _malloc_r
                0x0000000040082c60                _free_r
                0x0000000040082c6c                _realloc_r
                0x0000000040082c80                _calloc_r
 *fill*         0x0000000040082cae        0x2 
 .iram1         0x0000000040082cb0       0x70 /Users/akshay/esp/LineFollow/build/newlib/libnewlib.a(time.o)
                                         0x74 (size before relaxing)
                0x0000000040082cb0                _gettimeofday_r
                0x0000000040082cf8                _times_r
 .iram1         0x0000000040082d20      0x11a /Users/akshay/esp/LineFollow/build/soc/libsoc.a(cpu_util.o)
                0x0000000040082d20                esp_cpu_stall
                0x0000000040082db4                esp_cpu_unstall
                0x0000000040082e08                esp_cpu_reset
                0x0000000040082e2c                esp_cpu_in_ocd_debug_mode
 *fill*         0x0000000040082e3a        0x2 
 .iram1         0x0000000040082e3c      0x2f4 /Users/akshay/esp/LineFollow/build/spi_flash/libspi_flash.a(cache_utils.o)
                                        0x340 (size before relaxing)
                0x0000000040082ea0                spi_flash_op_block_func
                0x0000000040082f4c                spi_flash_disable_interrupts_caches_and_other_cpu
                0x000000004008302c                spi_flash_enable_interrupts_caches_and_other_cpu
                0x00000000400830c4                spi_flash_disable_interrupts_caches_and_other_cpu_no_os
                0x00000000400830f0                spi_flash_enable_interrupts_caches_no_os
                0x000000004008310c                spi_flash_cache_enabled
 .iram1         0x0000000040083130      0x722 /Users/akshay/esp/LineFollow/build/spi_flash/libspi_flash.a(flash_ops.o)
                                        0x74a (size before relaxing)
                0x00000000400831a0                spi_flash_guard_set
                0x00000000400831ac                spi_flash_guard_get
                0x00000000400831b8                spi_flash_get_chip_size
                0x00000000400831c4                spi_flash_erase_range
                0x000000004008327c                spi_flash_erase_sector
                0x00000000400832a0                spi_flash_write
                0x0000000040083468                spi_flash_read
                0x0000000040083700                spi_flash_read_encrypted
                0x0000000040083748                spi_flash_write_encrypted
 *fill*         0x0000000040083852        0x2 
 .iram1         0x0000000040083854      0x49e /Users/akshay/esp/LineFollow/build/spi_flash/libspi_flash.a(flash_mmap.o)
                                        0x4ce (size before relaxing)
                0x0000000040083980                spi_flash_mmap_pages
                0x0000000040083b94                spi_flash_mmap
                0x0000000040083c04                spi_flash_munmap
                0x0000000040083ca8                spi_flash_mark_modified_region
 *fill*         0x0000000040083cf2        0x2 
 .iram1         0x0000000040083cf4       0x20 /Users/akshay/esp/LineFollow/build/esp32/libesp32.a(dbg_stubs.o)
 *fill*         0x0000000040083d14        0x0 
 *fill*         0x0000000040083d14        0x0 
 *fill*         0x0000000040083d14        0x0 
 *fill*         0x0000000040083d14        0x0 
 *fill*         0x0000000040083d14        0x0 
 *fill*         0x0000000040083d14        0x0 
 *fill*         0x0000000040083d14        0x0 
 *fill*         0x0000000040083d14        0x0 
 *fill*         0x0000000040083d14        0x0 
 *fill*         0x0000000040083d14        0x0 
 .iram1         0x0000000040083d14       0x2e /Users/akshay/esp/LineFollow/build/freertos/libfreertos.a(xtensa_vector_defaults.o)
                0x0000000040083d14                xt_debugexception
                0x0000000040083d34                xt_highint5
                0x0000000040083d3c                _xt_nmi
                0x0000000040083d3c                xt_nmi
 *fill*         0x0000000040083d42        0x0 
 *fill*         0x0000000040083d42        0x0 
 *fill*         0x0000000040083d42        0x0 
 *fill*         0x0000000040083d42        0x0 
 *fill*         0x0000000040083d42        0x0 
 *fill*         0x0000000040083d42        0x0 
 *libfreertos.a:(.literal .text .literal.* .text.*)
 *fill*         0x0000000040083d42        0x2 
 .text.pxPortInitialiseStack
                0x0000000040083d44       0x86 /Users/akshay/esp/LineFollow/build/freertos/libfreertos.a(port.o)
                0x0000000040083d44                pxPortInitialiseStack
 *fill*         0x0000000040083dca        0x2 
 .text.xPortStartScheduler
                0x0000000040083dcc       0x22 /Users/akshay/esp/LineFollow/build/freertos/libfreertos.a(port.o)
                                         0x2e (size before relaxing)
                0x0000000040083dcc                xPortStartScheduler
 *fill*         0x0000000040083dee        0x2 
 .text.xPortSysTickHandler
                0x0000000040083df0       0x10 /Users/akshay/esp/LineFollow/build/freertos/libfreertos.a(port.o)
                                         0x16 (size before relaxing)
                0x0000000040083df0                xPortSysTickHandler
 *fill*         0x0000000040083e00        0x0 
 .text.vPortYieldOtherCore
                0x0000000040083e00        0xa /Users/akshay/esp/LineFollow/build/freertos/libfreertos.a(port.o)
                                          0xe (size before relaxing)
                0x0000000040083e00                vPortYieldOtherCore
 *fill*         0x0000000040083e0a        0x2 
 .text.vPortReleaseTaskMPUSettings
                0x0000000040083e0c        0xa /Users/akshay/esp/LineFollow/build/freertos/libfreertos.a(port.o)
                                          0xe (size before relaxing)
                0x0000000040083e0c                vPortReleaseTaskMPUSettings
 *fill*         0x0000000040083e16        0x2 
 .text.xPortInIsrContext
                0x0000000040083e18       0x26 /Users/akshay/esp/LineFollow/build/freertos/libfreertos.a(port.o)
                0x0000000040083e18                xPortInIsrContext
 *fill*         0x0000000040083e3e        0x2 
 .text.vPortCPUInitializeMutex
                0x0000000040083e40        0xe /Users/akshay/esp/LineFollow/build/freertos/libfreertos.a(port.o)
                0x0000000040083e40                vPortCPUInitializeMutex
 *fill*         0x0000000040083e4e        0x2 
 .text.vPortCPUAcquireMutex
                0x0000000040083e50       0x81 /Users/akshay/esp/LineFollow/build/freertos/libfreertos.a(port.o)
                                         0x88 (size before relaxing)
                0x0000000040083e50                vPortCPUAcquireMutex
 *fill*         0x0000000040083ed1        0x3 
 .text.vPortCPUReleaseMutex
                0x0000000040083ed4       0x59 /Users/akshay/esp/LineFollow/build/freertos/libfreertos.a(port.o)
                                         0x61 (size before relaxing)
                0x0000000040083ed4                vPortCPUReleaseMutex
 *fill*         0x0000000040083f2d        0x3 
 .text.prvIsQueueFull
                0x0000000040083f30       0x2a /Users/akshay/esp/LineFollow/build/freertos/libfreertos.a(queue.o)
 *fill*         0x0000000040083f5a        0x2 
 .text.prvCopyDataToQueue
                0x0000000040083f5c       0x9e /Users/akshay/esp/LineFollow/build/freertos/libfreertos.a(queue.o)
 *fill*         0x0000000040083ffa        0x2 
 .text.prvNotifyQueueSetContainer
                0x0000000040083ffc       0x6a /Users/akshay/esp/LineFollow/build/freertos/libfreertos.a(queue.o)
                                         0x76 (size before relaxing)
 *fill*         0x0000000040084066        0x2 
 .text.prvCopyDataFromQueue
                0x0000000040084068       0x24 /Users/akshay/esp/LineFollow/build/freertos/libfreertos.a(queue.o)
 .text.xQueueGenericReset
                0x000000004008408c       0x86 /Users/akshay/esp/LineFollow/build/freertos/libfreertos.a(queue.o)
                                         0x96 (size before relaxing)
                0x000000004008408c                xQueueGenericReset
 *fill*         0x0000000040084112        0x2 
 .text.prvInitialiseNewQueue
                0x0000000040084114       0x1f /Users/akshay/esp/LineFollow/build/freertos/libfreertos.a(queue.o)
                                         0x23 (size before relaxing)
 *fill*         0x0000000040084133        0x1 
 .text.xQueueGenericCreate
                0x0000000040084134       0x49 /Users/akshay/esp/LineFollow/build/freertos/libfreertos.a(queue.o)
                                         0x4d (size before relaxing)
                0x0000000040084134                xQueueGenericCreate
 *fill*         0x000000004008417d        0x3 
 .text.xQueueGetMutexHolder
                0x0000000040084180       0x23 /Users/akshay/esp/LineFollow/build/freertos/libfreertos.a(queue.o)
                0x0000000040084180                xQueueGetMutexHolder
 *fill*         0x00000000400841a3        0x1 
 .text.xQueueCreateCountingSemaphore
                0x00000000400841a4       0x66 /Users/akshay/esp/LineFollow/build/freertos/libfreertos.a(queue.o)
                                         0x6a (size before relaxing)
                0x00000000400841a4                xQueueCreateCountingSemaphore
 *fill*         0x000000004008420a        0x2 
 .text.xQueueGenericSend
                0x000000004008420c      0x158 /Users/akshay/esp/LineFollow/build/freertos/libfreertos.a(queue.o)
                                        0x18c (size before relaxing)
                0x000000004008420c                xQueueGenericSend
 .text.prvInitialiseMutex
                0x0000000040084364       0x22 /Users/akshay/esp/LineFollow/build/freertos/libfreertos.a(queue.o)
                                         0x26 (size before relaxing)
 *fill*         0x0000000040084386        0x2 
 .text.xQueueCreateMutex
                0x0000000040084388       0x16 /Users/akshay/esp/LineFollow/build/freertos/libfreertos.a(queue.o)
                                         0x1a (size before relaxing)
                0x0000000040084388                xQueueCreateMutex
 *fill*         0x000000004008439e        0x2 
 .text.xQueueGiveMutexRecursive
                0x00000000400843a0       0x48 /Users/akshay/esp/LineFollow/build/freertos/libfreertos.a(queue.o)
                                         0x4c (size before relaxing)
                0x00000000400843a0                xQueueGiveMutexRecursive
 .text.xQueueGenericSendFromISR
                0x00000000400843e8       0xd6 /Users/akshay/esp/LineFollow/build/freertos/libfreertos.a(queue.o)
                                         0xe6 (size before relaxing)
                0x00000000400843e8                xQueueGenericSendFromISR
 *fill*         0x00000000400844be        0x2 
 .text.xQueueGiveFromISR
                0x00000000400844c0       0xb6 /Users/akshay/esp/LineFollow/build/freertos/libfreertos.a(queue.o)
                                         0xc2 (size before relaxing)
                0x00000000400844c0                xQueueGiveFromISR
 *fill*         0x0000000040084576        0x2 
 .text.xQueueGenericReceive
                0x0000000040084578      0x144 /Users/akshay/esp/LineFollow/build/freertos/libfreertos.a(queue.o)
                                        0x178 (size before relaxing)
                0x0000000040084578                xQueueGenericReceive
 .text.xQueueTakeMutexRecursive
                0x00000000400846bc       0x51 /Users/akshay/esp/LineFollow/build/freertos/libfreertos.a(queue.o)
                0x00000000400846bc                xQueueTakeMutexRecursive
 *fill*         0x000000004008470d        0x3 
 .text.xQueueReceiveFromISR
                0x0000000040084710       0x96 /Users/akshay/esp/LineFollow/build/freertos/libfreertos.a(queue.o)
                                         0xa6 (size before relaxing)
                0x0000000040084710                xQueueReceiveFromISR
 *fill*         0x00000000400847a6        0x2 
 .text.vQueueDelete
                0x00000000400847a8       0x28 /Users/akshay/esp/LineFollow/build/freertos/libfreertos.a(queue.o)
                0x00000000400847a8                vQueueDelete
 .text.vQueueWaitForMessageRestricted
                0x00000000400847d0       0x23 /Users/akshay/esp/LineFollow/build/freertos/libfreertos.a(queue.o)
                                         0x2a (size before relaxing)
                0x00000000400847d0                vQueueWaitForMessageRestricted
 *fill*         0x00000000400847f3        0x1 
 .text.prvResetNextTaskUnblockTime
                0x00000000400847f4       0x34 /Users/akshay/esp/LineFollow/build/freertos/libfreertos.a(tasks.o)
 .text.prvDeleteTLS
                0x0000000040084828       0x40 /Users/akshay/esp/LineFollow/build/freertos/libfreertos.a(tasks.o)
 .text.prvInitialiseNewTask
                0x0000000040084868       0xc4 /Users/akshay/esp/LineFollow/build/freertos/libfreertos.a(tasks.o)
                                         0xd0 (size before relaxing)
 .text.prvInitialiseTaskLists
                0x000000004008492c       0x5a /Users/akshay/esp/LineFollow/build/freertos/libfreertos.a(tasks.o)
                                         0x6e (size before relaxing)
 *fill*         0x0000000040084986        0x2 
 .text.prvDeleteTCB
                0x0000000040084988       0x56 /Users/akshay/esp/LineFollow/build/freertos/libfreertos.a(tasks.o)
                                         0x5d (size before relaxing)
 *fill*         0x00000000400849de        0x2 
 .text.prvAddCurrentTaskToDelayedList
                0x00000000400849e0       0x66 /Users/akshay/esp/LineFollow/build/freertos/libfreertos.a(tasks.o)
                                         0x6a (size before relaxing)
 *fill*         0x0000000040084a46        0x2 
 .text.taskYIELD_OTHER_CORE
                0x0000000040084a48       0x53 /Users/akshay/esp/LineFollow/build/freertos/libfreertos.a(tasks.o)
                0x0000000040084a48                taskYIELD_OTHER_CORE
 *fill*         0x0000000040084a9b        0x1 
 .text.vTaskSuspendAll
                0x0000000040084a9c       0x26 /Users/akshay/esp/LineFollow/build/freertos/libfreertos.a(tasks.o)
                0x0000000040084a9c                vTaskSuspendAll
 *fill*         0x0000000040084ac2        0x2 
 .text.xTaskGetIdleTaskHandleForCPU
                0x0000000040084ac4       0x2a /Users/akshay/esp/LineFollow/build/freertos/libfreertos.a(tasks.o)
                                         0x2e (size before relaxing)
                0x0000000040084ac4                xTaskGetIdleTaskHandleForCPU
 *fill*         0x0000000040084aee        0x2 
 .text.vTaskSwitchContext
                0x0000000040084af0      0x27e /Users/akshay/esp/LineFollow/build/freertos/libfreertos.a(tasks.o)
                                        0x28a (size before relaxing)
                0x0000000040084af0                vTaskSwitchContext
 *fill*         0x0000000040084d6e        0x2 
 .text.vTaskSetTimeOutState
                0x0000000040084d70       0x34 /Users/akshay/esp/LineFollow/build/freertos/libfreertos.a(tasks.o)
                0x0000000040084d70                vTaskSetTimeOutState
 .text.xTaskGetCurrentTaskHandle
                0x0000000040084da4       0x1f /Users/akshay/esp/LineFollow/build/freertos/libfreertos.a(tasks.o)
                0x0000000040084da4                xTaskGetCurrentTaskHandle
 *fill*         0x0000000040084dc3        0x1 
 .text.__getreent
                0x0000000040084dc4       0x19 /Users/akshay/esp/LineFollow/build/freertos/libfreertos.a(tasks.o)
                0x0000000040084dc4                __getreent
 *fill*         0x0000000040084ddd        0x3 
 .text.pcTaskGetTaskName
                0x0000000040084de0       0x2a /Users/akshay/esp/LineFollow/build/freertos/libfreertos.a(tasks.o)
                                         0x2d (size before relaxing)
                0x0000000040084de0                pcTaskGetTaskName
 *fill*         0x0000000040084e0a        0x2 
 .text.xTaskGetAffinity
                0x0000000040084e0c       0x10 /Users/akshay/esp/LineFollow/build/freertos/libfreertos.a(tasks.o)
                                         0x13 (size before relaxing)
                0x0000000040084e0c                xTaskGetAffinity
 *fill*         0x0000000040084e1c        0x0 
 .text.xTaskGetCurrentTaskHandleForCPU
                0x0000000040084e1c       0x18 /Users/akshay/esp/LineFollow/build/freertos/libfreertos.a(tasks.o)
                0x0000000040084e1c                xTaskGetCurrentTaskHandleForCPU
 .text.xTaskGetSchedulerState
                0x0000000040084e34       0x37 /Users/akshay/esp/LineFollow/build/freertos/libfreertos.a(tasks.o)
                0x0000000040084e34                xTaskGetSchedulerState
 *fill*         0x0000000040084e6b        0x1 
 .text.vTaskEnterCritical
                0x0000000040084e6c       0xac /Users/akshay/esp/LineFollow/build/freertos/libfreertos.a(tasks.o)
                                         0xb3 (size before relaxing)
                0x0000000040084e6c                vTaskEnterCritical
 *fill*         0x0000000040084f18        0x0 
 .text.vTaskExitCritical
                0x0000000040084f18       0x83 /Users/akshay/esp/LineFollow/build/freertos/libfreertos.a(tasks.o)
                                         0x8a (size before relaxing)
                0x0000000040084f18                vTaskExitCritical
 *fill*         0x0000000040084f9b        0x1 
 .text.prvAddNewTaskToReadyList
                0x0000000040084f9c      0x15c /Users/akshay/esp/LineFollow/build/freertos/libfreertos.a(tasks.o)
                                        0x173 (size before relaxing)
 *fill*         0x00000000400850f8        0x0 
 .text.xTaskCreatePinnedToCore
                0x00000000400850f8       0x6e /Users/akshay/esp/LineFollow/build/freertos/libfreertos.a(tasks.o)
                                         0x76 (size before relaxing)
                0x00000000400850f8                xTaskCreatePinnedToCore
 *fill*         0x0000000040085166        0x2 
 .text.vTaskStartScheduler
                0x0000000040085168       0x67 /Users/akshay/esp/LineFollow/build/freertos/libfreertos.a(tasks.o)
                                         0x72 (size before relaxing)
                0x0000000040085168                vTaskStartScheduler
 *fill*         0x00000000400851cf        0x1 
 .text.vTaskDelete
                0x00000000400851d0      0x10a /Users/akshay/esp/LineFollow/build/freertos/libfreertos.a(tasks.o)
                                        0x122 (size before relaxing)
                0x00000000400851d0                vTaskDelete
 *fill*         0x00000000400852da        0x2 
 .text.uxTaskPriorityGet
                0x00000000400852dc       0x1c /Users/akshay/esp/LineFollow/build/freertos/libfreertos.a(tasks.o)
                                         0x23 (size before relaxing)
                0x00000000400852dc                uxTaskPriorityGet
 *fill*         0x00000000400852f8        0x0 
 .text.vTaskPrioritySet
                0x00000000400852f8      0x12d /Users/akshay/esp/LineFollow/build/freertos/libfreertos.a(tasks.o)
                                        0x143 (size before relaxing)
                0x00000000400852f8                vTaskPrioritySet
 *fill*         0x0000000040085425        0x3 
 .text.prvCheckTasksWaitingTermination
                0x0000000040085428       0xbe /Users/akshay/esp/LineFollow/build/freertos/libfreertos.a(tasks.o)
                                         0xc6 (size before relaxing)
 *fill*         0x00000000400854e6        0x2 
 .text.prvIdleTask
                0x00000000400854e8        0xf /Users/akshay/esp/LineFollow/build/freertos/libfreertos.a(tasks.o)
                                         0x18 (size before relaxing)
 *fill*         0x00000000400854f7        0x1 
 .text.xTaskGetTickCount
                0x00000000400854f8       0x1c /Users/akshay/esp/LineFollow/build/freertos/libfreertos.a(tasks.o)
                                         0x20 (size before relaxing)
                0x00000000400854f8                xTaskGetTickCount
 .text.xTaskIncrementTick
                0x0000000040085514      0x1b2 /Users/akshay/esp/LineFollow/build/freertos/libfreertos.a(tasks.o)
                                        0x1ce (size before relaxing)
                0x0000000040085514                xTaskIncrementTick
 *fill*         0x00000000400856c6        0x2 
 .text.xTaskResumeAll
                0x00000000400856c8      0x173 /Users/akshay/esp/LineFollow/build/freertos/libfreertos.a(tasks.o)
                                        0x186 (size before relaxing)
                0x00000000400856c8                xTaskResumeAll
 *fill*         0x000000004008583b        0x1 
 .text.vTaskPlaceOnEventList
                0x000000004008583c       0x83 /Users/akshay/esp/LineFollow/build/freertos/libfreertos.a(tasks.o)
                                         0x97 (size before relaxing)
                0x000000004008583c                vTaskPlaceOnEventList
 *fill*         0x00000000400858bf        0x1 
 .text.vTaskPlaceOnEventListRestricted
                0x00000000400858c0       0x5b /Users/akshay/esp/LineFollow/build/freertos/libfreertos.a(tasks.o)
                                         0x6f (size before relaxing)
                0x00000000400858c0                vTaskPlaceOnEventListRestricted
 *fill*         0x000000004008591b        0x1 
 .text.xTaskRemoveFromEventList
                0x000000004008591c      0x134 /Users/akshay/esp/LineFollow/build/freertos/libfreertos.a(tasks.o)
                                        0x143 (size before relaxing)
                0x000000004008591c                xTaskRemoveFromEventList
 *fill*         0x0000000040085a50        0x0 
 .text.xTaskCheckForTimeOut
                0x0000000040085a50       0x8b /Users/akshay/esp/LineFollow/build/freertos/libfreertos.a(tasks.o)
                                         0x96 (size before relaxing)
                0x0000000040085a50                xTaskCheckForTimeOut
 *fill*         0x0000000040085adb        0x1 
 .text.vTaskPriorityInherit
                0x0000000040085adc       0xc4 /Users/akshay/esp/LineFollow/build/freertos/libfreertos.a(tasks.o)
                                         0xdb (size before relaxing)
                0x0000000040085adc                vTaskPriorityInherit
 *fill*         0x0000000040085ba0        0x0 
 .text.xTaskPriorityDisinherit
                0x0000000040085ba0       0x97 /Users/akshay/esp/LineFollow/build/freertos/libfreertos.a(tasks.o)
                                         0xaa (size before relaxing)
                0x0000000040085ba0                xTaskPriorityDisinherit
 *fill*         0x0000000040085c37        0x1 
 .text.pvTaskIncrementMutexHeldCount
                0x0000000040085c38       0x50 /Users/akshay/esp/LineFollow/build/freertos/libfreertos.a(tasks.o)
                                         0x54 (size before relaxing)
                0x0000000040085c38                pvTaskIncrementMutexHeldCount
 .text.prvGetNextExpireTime
                0x0000000040085c88       0x20 /Users/akshay/esp/LineFollow/build/freertos/libfreertos.a(timers.o)
 .text.prvInsertTimerInActiveList
                0x0000000040085ca8       0x50 /Users/akshay/esp/LineFollow/build/freertos/libfreertos.a(timers.o)
                                         0x54 (size before relaxing)
 .text.prvCheckForValidListAndQueue
                0x0000000040085cf8       0x66 /Users/akshay/esp/LineFollow/build/freertos/libfreertos.a(timers.o)
                                         0x7e (size before relaxing)
 *fill*         0x0000000040085d5e        0x2 
 .text.xTimerCreateTimerTask
                0x0000000040085d60       0x48 /Users/akshay/esp/LineFollow/build/freertos/libfreertos.a(timers.o)
                                         0x4c (size before relaxing)
                0x0000000040085d60                xTimerCreateTimerTask
 .text.xTimerGenericCommand
                0x0000000040085da8       0x55 /Users/akshay/esp/LineFollow/build/freertos/libfreertos.a(timers.o)
                                         0x5d (size before relaxing)
                0x0000000040085da8                xTimerGenericCommand
 *fill*         0x0000000040085dfd        0x3 
 .text.prvSwitchTimerLists
                0x0000000040085e00       0x76 /Users/akshay/esp/LineFollow/build/freertos/libfreertos.a(timers.o)
                                         0x82 (size before relaxing)
 *fill*         0x0000000040085e76        0x2 
 .text.prvSampleTimeNow
                0x0000000040085e78       0x2b /Users/akshay/esp/LineFollow/build/freertos/libfreertos.a(timers.o)
                                         0x2f (size before relaxing)
 *fill*         0x0000000040085ea3        0x1 
 .text.prvProcessExpiredTimer
                0x0000000040085ea4       0x53 /Users/akshay/esp/LineFollow/build/freertos/libfreertos.a(timers.o)
                                         0x5f (size before relaxing)
 *fill*         0x0000000040085ef7        0x1 
 .text.prvProcessTimerOrBlockTask
                0x0000000040085ef8       0x58 /Users/akshay/esp/LineFollow/build/freertos/libfreertos.a(timers.o)
                                         0x6c (size before relaxing)
 .text.prvProcessReceivedCommands
                0x0000000040085f50       0xd6 /Users/akshay/esp/LineFollow/build/freertos/libfreertos.a(timers.o)
                                         0xe6 (size before relaxing)
 *fill*         0x0000000040086026        0x2 
 .text.prvTimerTask
                0x0000000040086028       0x15 /Users/akshay/esp/LineFollow/build/freertos/libfreertos.a(timers.o)
                                         0x1d (size before relaxing)
 *fill*         0x000000004008603d        0x3 
 .text._xt_tick_divisor_init
                0x0000000040086040       0x1c /Users/akshay/esp/LineFollow/build/freertos/libfreertos.a(xtensa_init.o)
                                         0x1f (size before relaxing)
                0x0000000040086040                _xt_tick_divisor_init
 *fill*         0x000000004008605c        0x0 
 .text.xt_unhandled_interrupt
                0x000000004008605c       0x16 /Users/akshay/esp/LineFollow/build/freertos/libfreertos.a(xtensa_intr.o)
                0x000000004008605c                xt_unhandled_interrupt
 *fill*         0x0000000040086072        0x2 
 .text.xt_set_interrupt_handler
                0x0000000040086074       0x46 /Users/akshay/esp/LineFollow/build/freertos/libfreertos.a(xtensa_intr.o)
                0x0000000040086074                xt_set_interrupt_handler
 *fill*         0x00000000400860ba        0x2 
 .text          0x00000000400860bc      0x1d0 /Users/akshay/esp/LineFollow/build/freertos/libfreertos.a(portasm.o)
                0x00000000400860bc                _frxt_setup_switch
                0x00000000400860d4                _frxt_int_enter
                0x000000004008611c                _frxt_int_exit
                0x000000004008616c                _frxt_timer_int
                0x0000000040086194                _frxt_tick_timer_init
                0x00000000400861ac                _frxt_dispatch
                0x00000000400861f4                vPortYield
                0x0000000040086240                vPortYieldFromInt
                0x0000000040086260                _frxt_task_coproc_state
 .text          0x000000004008628c      0x12b /Users/akshay/esp/LineFollow/build/freertos/libfreertos.a(xtensa_context.o)
                0x000000004008628c                _xt_context_save
                0x00000000400862f4                _xt_context_restore
                0x0000000040086338                _xt_coproc_init
                0x000000004008634c                _xt_coproc_release
                0x0000000040086378                _xt_coproc_savecs
                0x0000000040086398                _xt_coproc_restorecs
 *fill*         0x00000000400863b7        0x0 
 *fill*         0x00000000400863b7        0x0 
 *fill*         0x00000000400863b7        0x0 
 *fill*         0x00000000400863b7        0x0 
 *fill*         0x00000000400863b7        0x1 
 .text.vPortStoreTaskMPUSettings
                0x00000000400863b8       0x13 /Users/akshay/esp/LineFollow/build/freertos/libfreertos.a(port.o)
                0x00000000400863b8                vPortStoreTaskMPUSettings
 *fill*         0x00000000400863cb        0x0 
 *fill*         0x00000000400863cb        0x0 
 *fill*         0x00000000400863cb        0x0 
 *fill*         0x00000000400863cb        0x0 
 *fill*         0x00000000400863cb        0x1 
 .text.prvIsQueueEmpty
                0x00000000400863cc       0x12 /Users/akshay/esp/LineFollow/build/freertos/libfreertos.a(queue.o)
 *fill*         0x00000000400863de        0x0 
 *fill*         0x00000000400863de        0x0 
 *fill*         0x00000000400863de        0x0 
 *fill*         0x00000000400863de        0x0 
 *fill*         0x00000000400863de        0x0 
 *fill*         0x00000000400863de        0x0 
 *fill*         0x00000000400863de        0x0 
 *fill*         0x00000000400863de        0x0 
 *fill*         0x00000000400863de        0x0 
 *fill*         0x00000000400863de        0x0 
 *fill*         0x00000000400863de        0x0 
 *fill*         0x00000000400863de        0x0 
 *fill*         0x00000000400863de        0x0 
 *fill*         0x00000000400863de        0x0 
 *fill*         0x00000000400863de        0x0 
 *fill*         0x00000000400863de        0x0 
 *fill*         0x00000000400863de        0x0 
 *fill*         0x00000000400863de        0x0 
 *fill*         0x00000000400863de        0x0 
 *fill*         0x00000000400863de        0x0 
 *fill*         0x00000000400863de        0x0 
 *fill*         0x00000000400863de        0x0 
 *fill*         0x00000000400863de        0x0 
 *fill*         0x00000000400863de        0x0 
 *fill*         0x00000000400863de        0x0 
 *fill*         0x00000000400863de        0x0 
 *fill*         0x00000000400863de        0x0 
 *fill*         0x00000000400863de        0x0 
 *fill*         0x00000000400863de        0x0 
 *fill*         0x00000000400863de        0x0 
 *fill*         0x00000000400863de        0x0 
 *fill*         0x00000000400863de        0x0 
 *fill*         0x00000000400863de        0x0 
 *fill*         0x00000000400863de        0x0 
 *fill*         0x00000000400863de        0x0 
 *fill*         0x00000000400863de        0x0 
 *fill*         0x00000000400863de        0x0 
 *fill*         0x00000000400863de        0x0 
 *fill*         0x00000000400863de        0x0 
 *fill*         0x00000000400863de        0x0 
 *fill*         0x00000000400863de        0x0 
 *fill*         0x00000000400863de        0x0 
 *fill*         0x00000000400863de        0x0 
 *fill*         0x00000000400863de        0x0 
 *fill*         0x00000000400863de        0x0 
 *fill*         0x00000000400863de        0x0 
 *fill*         0x00000000400863de        0x0 
 *fill*         0x00000000400863de        0x0 
 *fill*         0x00000000400863de        0x0 
 *fill*         0x00000000400863de        0x0 
 *fill*         0x00000000400863de        0x0 
 *fill*         0x00000000400863de        0x0 
 *fill*         0x00000000400863de        0x0 
 *fill*         0x00000000400863de        0x0 
 *fill*         0x00000000400863de        0x0 
 *fill*         0x00000000400863de        0x2 
 .text          0x00000000400863e0       0x33 /Users/akshay/esp/LineFollow/build/freertos/libfreertos.a(xtensa_intr_asm.o)
                0x00000000400863e0                xt_ints_on
                0x00000000400863f8                xt_ints_off
 *fill*         0x0000000040086413        0x1 
 .text.vListInitialise
                0x0000000040086414       0x15 /Users/akshay/esp/LineFollow/build/freertos/libfreertos.a(list.o)
                0x0000000040086414                vListInitialise
 *fill*         0x0000000040086429        0x3 
 .text.vListInitialiseItem
                0x000000004008642c        0x9 /Users/akshay/esp/LineFollow/build/freertos/libfreertos.a(list.o)
                0x000000004008642c                vListInitialiseItem
 *fill*         0x0000000040086435        0x3 
 .text.vListInsertEnd
                0x0000000040086438       0x1b /Users/akshay/esp/LineFollow/build/freertos/libfreertos.a(list.o)
                0x0000000040086438                vListInsertEnd
 *fill*         0x0000000040086453        0x1 
 .text.vListInsert
                0x0000000040086454       0x2f /Users/akshay/esp/LineFollow/build/freertos/libfreertos.a(list.o)
                0x0000000040086454                vListInsert
 *fill*         0x0000000040086483        0x1 
 .text.uxListRemove
                0x0000000040086484       0x26 /Users/akshay/esp/LineFollow/build/freertos/libfreertos.a(list.o)
                0x0000000040086484                uxListRemove
 *libheap.a:multi_heap.o(.literal .text .literal.* .text.*)
 *fill*         0x00000000400864aa        0x2 
 .text.get_prev_free_block
                0x00000000400864ac       0x68 /Users/akshay/esp/LineFollow/build/heap/libheap.a(multi_heap.o)
                                         0x77 (size before relaxing)
 *fill*         0x0000000040086514        0x0 
 .text.split_if_necessary
                0x0000000040086514      0x138 /Users/akshay/esp/LineFollow/build/heap/libheap.a(multi_heap.o)
                                        0x148 (size before relaxing)
 .text.assert_valid_block
                0x000000004008664c       0xb0 /Users/akshay/esp/LineFollow/build/heap/libheap.a(multi_heap.o)
                                         0xb4 (size before relaxing)
 .text.merge_adjacent
                0x00000000400866fc      0x12c /Users/akshay/esp/LineFollow/build/heap/libheap.a(multi_heap.o)
                                        0x140 (size before relaxing)
 .text.multi_heap_get_allocated_size_impl
                0x0000000040086828       0x38 /Users/akshay/esp/LineFollow/build/heap/libheap.a(multi_heap.o)
                                         0x3c (size before relaxing)
                0x0000000040086828                multi_heap_get_allocated_size
                0x0000000040086828                multi_heap_get_allocated_size_impl
 .text.multi_heap_malloc_impl
                0x0000000040086860      0x110 /Users/akshay/esp/LineFollow/build/heap/libheap.a(multi_heap.o)
                                        0x120 (size before relaxing)
                0x0000000040086860                multi_heap_malloc
                0x0000000040086860                multi_heap_malloc_impl
 .text.multi_heap_free_impl
                0x0000000040086970      0x130 /Users/akshay/esp/LineFollow/build/heap/libheap.a(multi_heap.o)
                                        0x14c (size before relaxing)
                0x0000000040086970                multi_heap_free
                0x0000000040086970                multi_heap_free_impl
 .text.multi_heap_realloc_impl
                0x0000000040086aa0      0x258 /Users/akshay/esp/LineFollow/build/heap/libheap.a(multi_heap.o)
                                        0x274 (size before relaxing)
                0x0000000040086aa0                multi_heap_realloc
                0x0000000040086aa0                multi_heap_realloc_impl
 *fill*         0x0000000040086cf8        0x0 
 *fill*         0x0000000040086cf8        0x0 
 .text.multi_heap_register_impl
                0x0000000040086cf8       0x51 /Users/akshay/esp/LineFollow/build/heap/libheap.a(multi_heap.o)
                0x0000000040086cf8                multi_heap_register_impl
                0x0000000040086cf8                multi_heap_register
 *fill*         0x0000000040086d49        0x3 
 .text.multi_heap_set_lock
                0x0000000040086d4c        0x7 /Users/akshay/esp/LineFollow/build/heap/libheap.a(multi_heap.o)
                0x0000000040086d4c                multi_heap_set_lock
 *fill*         0x0000000040086d53        0x0 
 *libheap.a:multi_heap_poisoning.o(.literal .text .literal.* .text.*)
 *libesp32.a:panic.o(.literal .text .literal.* .text.*)
 *fill*         0x0000000040086d53        0x1 
 .text.panicPutChar
                0x0000000040086d54       0x1e /Users/akshay/esp/LineFollow/build/esp32/libesp32.a(panic.o)
 *fill*         0x0000000040086d72        0x2 
 .text.panicPutStr
                0x0000000040086d74       0x1a /Users/akshay/esp/LineFollow/build/esp32/libesp32.a(panic.o)
 *fill*         0x0000000040086d8e        0x2 
 .text.panicPutHex
                0x0000000040086d90       0x2c /Users/akshay/esp/LineFollow/build/esp32/libesp32.a(panic.o)
                                         0x2f (size before relaxing)
 *fill*         0x0000000040086dbc        0x0 
 .text.panicPutDec
                0x0000000040086dbc       0x3c /Users/akshay/esp/LineFollow/build/esp32/libesp32.a(panic.o)
                                         0x46 (size before relaxing)
 *fill*         0x0000000040086df8        0x0 
 .text.reconfigureAllWdts
                0x0000000040086df8       0xa8 /Users/akshay/esp/LineFollow/build/esp32/libesp32.a(panic.o)
 .text.putEntry
                0x0000000040086ea0       0x2b /Users/akshay/esp/LineFollow/build/esp32/libesp32.a(panic.o)
                                         0x37 (size before relaxing)
 *fill*         0x0000000040086ecb        0x1 
 .text.doBacktrace
                0x0000000040086ecc       0x71 /Users/akshay/esp/LineFollow/build/esp32/libesp32.a(panic.o)
                                         0x78 (size before relaxing)
 *fill*         0x0000000040086f3d        0x3 
 .text.invoke_abort
                0x0000000040086f40       0x1d /Users/akshay/esp/LineFollow/build/esp32/libesp32.a(panic.o)
 *fill*         0x0000000040086f5d        0x3 
 .text.haltOtherCore
                0x0000000040086f60       0x18 /Users/akshay/esp/LineFollow/build/esp32/libesp32.a(panic.o)
 .text.esp_panic_wdt_start
                0x0000000040086f78       0x84 /Users/akshay/esp/LineFollow/build/esp32/libesp32.a(panic.o)
                                         0x88 (size before relaxing)
 .text.commonErrorHandler_dump
                0x0000000040086ffc       0xd6 /Users/akshay/esp/LineFollow/build/esp32/libesp32.a(panic.o)
                                        0x116 (size before relaxing)
 *fill*         0x00000000400870d2        0x2 
 .text.esp_panic_dig_reset
                0x00000000400870d4       0x33 /Users/akshay/esp/LineFollow/build/esp32/libesp32.a(panic.o)
                                         0x37 (size before relaxing)
 *fill*         0x0000000040087107        0x1 
 .text.abort    0x0000000040087108       0x2a /Users/akshay/esp/LineFollow/build/esp32/libesp32.a(panic.o)
                                         0x2d (size before relaxing)
                0x0000000040087108                abort
 *fill*         0x0000000040087132        0x2 
 .text.vApplicationStackOverflowHook
                0x0000000040087134       0x17 /Users/akshay/esp/LineFollow/build/esp32/libesp32.a(panic.o)
                                         0x23 (size before relaxing)
                0x0000000040087134                vApplicationStackOverflowHook
 *fill*         0x000000004008714b        0x1 
 .text.esp_panic_wdt_stop
                0x000000004008714c       0x44 /Users/akshay/esp/LineFollow/build/esp32/libesp32.a(panic.o)
                0x000000004008714c                esp_panic_wdt_stop
 .text.commonErrorHandler
                0x0000000040087190       0x44 /Users/akshay/esp/LineFollow/build/esp32/libesp32.a(panic.o)
                                         0x56 (size before relaxing)
 *fill*         0x00000000400871d4        0x0 
 .text.panicHandler
                0x00000000400871d4      0x163 /Users/akshay/esp/LineFollow/build/esp32/libesp32.a(panic.o)
                                        0x186 (size before relaxing)
                0x00000000400871d4                panicHandler
 *fill*         0x0000000040087337        0x1 
 .text.xt_unhandled_exception
                0x0000000040087338       0x77 /Users/akshay/esp/LineFollow/build/esp32/libesp32.a(panic.o)
                                         0xa1 (size before relaxing)
                0x0000000040087338                xt_unhandled_exception
 *fill*         0x00000000400873af        0x1 
 .text._esp_error_check_failed
                0x00000000400873b0       0x57 /Users/akshay/esp/LineFollow/build/esp32/libesp32.a(panic.o)